---
namespace: Compile
expectation: Pass
outputs:
  - circuit:
      num_public_variables: 0
      num_private_variables: 1022
      num_constraints: 1022
      at: 1b42ef63a212d2ea51cab07171c8fb1438112afdbd14501470c2477b9eeb4c99
      bt: 15054154626f1ae748008fc4ed9a650c3873b608988ff31312fe4049957dfffb
      ct: dbda9de51fe9897456cbbcc3b450ed7d66185fb6018c7a0c72414784f29b2ad4
    output:
      - input_file: inputs/address1.in
        output:
          registers:
            a:
              type: bool
              value: "false"
      - input_file: inputs/address2.in
        output:
          registers:
            a:
              type: bool
              value: "false"
    initial_ast: dd955e706905ed892a0ae72d551f0bdf79711f1cc05c5becf5506e34ad104ead
    imports_resolved_ast: 7125a2a8ab864e2d9019bfeed49d6450ba21123387ff5bff5b22bd0d679b7c4f
    canonicalized_ast: 7125a2a8ab864e2d9019bfeed49d6450ba21123387ff5bff5b22bd0d679b7c4f
    type_inferenced_ast: 35acf899be15516155477b449ea9443c1def435bdd2cb67e27ffa3c6a661465c
