---
namespace: ParseExpression
expectation: Pass
outputs:
  - Value:
      Integer:
        - U128
        - "123"
        - line_start: 1
          line_stop: 1
          col_start: 1
          col_stop: 8
          path: u128.leo
          content: 123u128
  - Value:
      Implicit:
        - "123"
        - line_start: 1
          line_stop: 1
          col_start: 1
          col_stop: 4
          path: u128.leo
          content: "123"
  - Value:
      Integer:
        - U128
        - "456"
        - line_start: 1
          line_stop: 1
          col_start: 1
          col_stop: 8
          path: u128.leo
          content: 456u128
  - Value:
      Integer:
        - U128
        - "87377802873778028737780287377802873778028737780287377802873778028737780287377802"
        - line_start: 1
          line_stop: 1
          col_start: 1
          col_stop: 85
          path: u128.leo
          content: 87377802873778028737780287377802873778028737780287377802873778028737780287377802u128
  - Value:
      Integer:
        - U128
        - "8737780287377802873778028737780287377802873778028737780287377802873778028737780287377802873778028737780287377802873778028737780287377802873778028737780287377802873778028737780287377802873778028737780287377802873778028737780287377802873778028737780287377802873778028737780287377802873778028737780287377802873778028737780287377802873778028737780287377802873778028737780287377802873778028737780287377802"
        - line_start: 1
          line_stop: 1
          col_start: 1
          col_stop: 405
          path: u128.leo
          content: 8737780287377802873778028737780287377802873778028737780287377802873778028737780287377802873778028737780287377802873778028737780287377802873778028737780287377802873778028737780287377802873778028737780287377802873778028737780287377802873778028737780287377802873778028737780287377802873778028737780287377802873778028737780287377802873778028737780287377802873778028737780287377802873778028737780287377802u128
  - Value:
      Integer:
        - U128
        - "340130024"
        - line_start: 1
          line_stop: 1
          col_start: 1
          col_stop: 14
          path: u128.leo
          content: 340130024u128
  - Value:
      Integer:
        - U128
        - "158951116"
        - line_start: 1
          line_stop: 1
          col_start: 1
          col_stop: 14
          path: u128.leo
          content: 158951116u128
  - Value:
      Integer:
        - U128
        - "155529659"
        - line_start: 1
          line_stop: 1
          col_start: 1
          col_stop: 14
          path: u128.leo
          content: 155529659u128
  - Value:
      Integer:
        - U128
        - "642023166"
        - line_start: 1
          line_stop: 1
          col_start: 1
          col_stop: 14
          path: u128.leo
          content: 642023166u128
  - Value:
      Integer:
        - U128
        - "228481736"
        - line_start: 1
          line_stop: 1
          col_start: 1
          col_stop: 14
          path: u128.leo
          content: 228481736u128
  - Value:
      Integer:
        - U128
        - "469712960"
        - line_start: 1
          line_stop: 1
          col_start: 1
          col_stop: 14
          path: u128.leo
          content: 469712960u128
  - Value:
      Integer:
        - U128
        - "929437719"
        - line_start: 1
          line_stop: 1
          col_start: 1
          col_stop: 14
          path: u128.leo
          content: 929437719u128
  - Value:
      Integer:
        - U128
        - "721072814"
        - line_start: 1
          line_stop: 1
          col_start: 1
          col_stop: 14
          path: u128.leo
          content: 721072814u128
  - Value:
      Integer:
        - U128
        - "363254789"
        - line_start: 1
          line_stop: 1
          col_start: 1
          col_stop: 14
          path: u128.leo
          content: 363254789u128
  - Value:
      Integer:
        - U128
        - "906732565"
        - line_start: 1
          line_stop: 1
          col_start: 1
          col_stop: 14
          path: u128.leo
          content: 906732565u128
  - Value:
      Integer:
        - U128
        - "288246391"
        - line_start: 1
          line_stop: 1
          col_start: 1
          col_stop: 14
          path: u128.leo
          content: 288246391u128
  - Value:
      Integer:
        - U128
        - "724940549"
        - line_start: 1
          line_stop: 1
          col_start: 1
          col_stop: 14
          path: u128.leo
          content: 724940549u128
  - Value:
      Integer:
        - U128
        - "487101620"
        - line_start: 1
          line_stop: 1
          col_start: 1
          col_stop: 14
          path: u128.leo
          content: 487101620u128
  - Value:
      Integer:
        - U128
        - "261373583"
        - line_start: 1
          line_stop: 1
          col_start: 1
          col_stop: 14
          path: u128.leo
          content: 261373583u128
  - Value:
      Integer:
        - U128
        - "891163927"
        - line_start: 1
          line_stop: 1
          col_start: 1
          col_stop: 14
          path: u128.leo
          content: 891163927u128
  - Value:
      Integer:
        - U128
        - "743967544"
        - line_start: 1
          line_stop: 1
          col_start: 1
          col_stop: 14
          path: u128.leo
          content: 743967544u128
  - Value:
      Integer:
        - U128
        - "8372586"
        - line_start: 1
          line_stop: 1
          col_start: 1
          col_stop: 12
          path: u128.leo
          content: 8372586u128
  - Value:
      Integer:
        - U128
        - "461793278"
        - line_start: 1
          line_stop: 1
          col_start: 1
          col_stop: 14
          path: u128.leo
          content: 461793278u128
  - Value:
      Integer:
        - U128
        - "806307045"
        - line_start: 1
          line_stop: 1
          col_start: 1
          col_stop: 14
          path: u128.leo
          content: 806307045u128
  - Value:
      Integer:
        - U128
        - "122764546"
        - line_start: 1
          line_stop: 1
          col_start: 1
          col_stop: 14
          path: u128.leo
          content: 122764546u128
  - Value:
      Integer:
        - U128
        - "356336181"
        - line_start: 1
          line_stop: 1
          col_start: 1
          col_stop: 14
          path: u128.leo
          content: 356336181u128
  - Value:
      Integer:
        - U128
        - "158370903"
        - line_start: 1
          line_stop: 1
          col_start: 1
          col_stop: 14
          path: u128.leo
          content: 158370903u128
  - Value:
      Integer:
        - U128
        - "774460877"
        - line_start: 1
          line_stop: 1
          col_start: 1
          col_stop: 14
          path: u128.leo
          content: 774460877u128
  - Value:
      Integer:
        - U128
        - "557174131"
        - line_start: 1
          line_stop: 1
          col_start: 1
          col_stop: 14
          path: u128.leo
          content: 557174131u128
  - Value:
      Integer:
        - U128
        - "492401267"
        - line_start: 1
          line_stop: 1
          col_start: 1
          col_stop: 14
          path: u128.leo
          content: 492401267u128
  - Value:
      Integer:
        - U128
        - "893445620"
        - line_start: 1
          line_stop: 1
          col_start: 1
          col_stop: 14
          path: u128.leo
          content: 893445620u128
  - Value:
      Integer:
        - U128
        - "957757048"
        - line_start: 1
          line_stop: 1
          col_start: 1
          col_stop: 14
          path: u128.leo
          content: 957757048u128
  - Value:
      Integer:
        - U128
        - "721540649"
        - line_start: 1
          line_stop: 1
          col_start: 1
          col_stop: 14
          path: u128.leo
          content: 721540649u128
  - Value:
      Integer:
        - U128
        - "390746493"
        - line_start: 1
          line_stop: 1
          col_start: 1
          col_stop: 14
          path: u128.leo
          content: 390746493u128
  - Value:
      Integer:
        - U128
        - "211251725"
        - line_start: 1
          line_stop: 1
          col_start: 1
          col_stop: 14
          path: u128.leo
          content: 211251725u128
  - Value:
      Integer:
        - U128
        - "938266114"
        - line_start: 1
          line_stop: 1
          col_start: 1
          col_stop: 14
          path: u128.leo
          content: 938266114u128
  - Value:
      Integer:
        - U128
        - "156985870"
        - line_start: 1
          line_stop: 1
          col_start: 1
          col_stop: 14
          path: u128.leo
          content: 156985870u128
  - Value:
      Integer:
        - U128
        - "703831126"
        - line_start: 1
          line_stop: 1
          col_start: 1
          col_stop: 14
          path: u128.leo
          content: 703831126u128
  - Value:
      Integer:
        - U128
        - "729964155"
        - line_start: 1
          line_stop: 1
          col_start: 1
          col_stop: 14
          path: u128.leo
          content: 729964155u128
  - Value:
      Integer:
        - U128
        - "988151305"
        - line_start: 1
          line_stop: 1
          col_start: 1
          col_stop: 14
          path: u128.leo
          content: 988151305u128
  - Value:
      Integer:
        - U128
        - "320872435"
        - line_start: 1
          line_stop: 1
          col_start: 1
          col_stop: 14
          path: u128.leo
          content: 320872435u128
  - Value:
      Integer:
        - U128
        - "719287167"
        - line_start: 1
          line_stop: 1
          col_start: 1
          col_stop: 14
          path: u128.leo
          content: 719287167u128
  - Value:
      Integer:
        - U128
        - "152289486"
        - line_start: 1
          line_stop: 1
          col_start: 1
          col_stop: 14
          path: u128.leo
          content: 152289486u128
  - Value:
      Integer:
        - U128
        - "740067975"
        - line_start: 1
          line_stop: 1
          col_start: 1
          col_stop: 14
          path: u128.leo
          content: 740067975u128
  - Value:
      Integer:
        - U128
        - "728627816"
        - line_start: 1
          line_stop: 1
          col_start: 1
          col_stop: 14
          path: u128.leo
          content: 728627816u128
  - Value:
      Integer:
        - U128
        - "385008978"
        - line_start: 1
          line_stop: 1
          col_start: 1
          col_stop: 14
          path: u128.leo
          content: 385008978u128
  - Value:
      Integer:
        - U128
        - "553967635"
        - line_start: 1
          line_stop: 1
          col_start: 1
          col_stop: 14
          path: u128.leo
          content: 553967635u128
  - Value:
      Integer:
        - U128
        - "71980713"
        - line_start: 1
          line_stop: 1
          col_start: 1
          col_stop: 13
          path: u128.leo
          content: 71980713u128
  - Value:
      Integer:
        - U128
        - "519444716"
        - line_start: 1
          line_stop: 1
          col_start: 1
          col_stop: 14
          path: u128.leo
          content: 519444716u128
  - Value:
      Integer:
        - U128
        - "116499965"
        - line_start: 1
          line_stop: 1
          col_start: 1
          col_stop: 14
          path: u128.leo
          content: 116499965u128
  - Value:
      Integer:
        - U128
        - "717422268"
        - line_start: 1
          line_stop: 1
          col_start: 1
          col_stop: 14
          path: u128.leo
          content: 717422268u128
  - Value:
      Integer:
        - U128
        - "18966279"
        - line_start: 1
          line_stop: 1
          col_start: 1
          col_stop: 13
          path: u128.leo
          content: 18966279u128
  - Value:
      Integer:
        - U128
        - "22458638"
        - line_start: 1
          line_stop: 1
          col_start: 1
          col_stop: 13
          path: u128.leo
          content: 22458638u128
  - Value:
      Integer:
        - U128
        - "857282620"
        - line_start: 1
          line_stop: 1
          col_start: 1
          col_stop: 14
          path: u128.leo
          content: 857282620u128
  - Value:
      Integer:
        - U128
        - "920675898"
        - line_start: 1
          line_stop: 1
          col_start: 1
          col_stop: 14
          path: u128.leo
          content: 920675898u128
  - Value:
      Integer:
        - U128
        - "762235516"
        - line_start: 1
          line_stop: 1
          col_start: 1
          col_stop: 14
          path: u128.leo
          content: 762235516u128
  - Value:
      Integer:
        - U128
        - "469018377"
        - line_start: 1
          line_stop: 1
          col_start: 1
          col_stop: 14
          path: u128.leo
          content: 469018377u128
  - Value:
      Integer:
        - U128
        - "199986521"
        - line_start: 1
          line_stop: 1
          col_start: 1
          col_stop: 14
          path: u128.leo
          content: 199986521u128
  - Value:
      Integer:
        - U128
        - "536679358"
        - line_start: 1
          line_stop: 1
          col_start: 1
          col_stop: 14
          path: u128.leo
          content: 536679358u128
  - Value:
      Integer:
        - U128
        - "591399452"
        - line_start: 1
          line_stop: 1
          col_start: 1
          col_stop: 14
          path: u128.leo
          content: 591399452u128
  - Value:
      Integer:
        - U128
        - "83083158"
        - line_start: 1
          line_stop: 1
          col_start: 1
          col_stop: 13
          path: u128.leo
          content: 83083158u128
  - Value:
      Integer:
        - U128
        - "599449051"
        - line_start: 1
          line_stop: 1
          col_start: 1
          col_stop: 14
          path: u128.leo
          content: 599449051u128
  - Value:
      Integer:
        - U128
        - "445442318"
        - line_start: 1
          line_stop: 1
          col_start: 1
          col_stop: 14
          path: u128.leo
          content: 445442318u128
  - Value:
      Integer:
        - U128
        - "585486590"
        - line_start: 1
          line_stop: 1
          col_start: 1
          col_stop: 14
          path: u128.leo
          content: 585486590u128
  - Value:
      Integer:
        - U128
        - "209278800"
        - line_start: 1
          line_stop: 1
          col_start: 1
          col_stop: 14
          path: u128.leo
          content: 209278800u128
  - Value:
      Integer:
        - U128
        - "873568117"
        - line_start: 1
          line_stop: 1
          col_start: 1
          col_stop: 14
          path: u128.leo
          content: 873568117u128
  - Value:
      Integer:
        - U128
        - "664470940"
        - line_start: 1
          line_stop: 1
          col_start: 1
          col_stop: 14
          path: u128.leo
          content: 664470940u128
  - Value:
      Integer:
        - U128
        - "465262783"
        - line_start: 1
          line_stop: 1
          col_start: 1
          col_stop: 14
          path: u128.leo
          content: 465262783u128
  - Value:
      Integer:
        - U128
        - "605652874"
        - line_start: 1
          line_stop: 1
          col_start: 1
          col_stop: 14
          path: u128.leo
          content: 605652874u128
  - Value:
      Integer:
        - U128
        - "376803940"
        - line_start: 1
          line_stop: 1
          col_start: 1
          col_stop: 14
          path: u128.leo
          content: 376803940u128
  - Value:
      Integer:
        - U128
        - "965247040"
        - line_start: 1
          line_stop: 1
          col_start: 1
          col_stop: 14
          path: u128.leo
          content: 965247040u128
  - Value:
      Integer:
        - U128
        - "598474509"
        - line_start: 1
          line_stop: 1
          col_start: 1
          col_stop: 14
          path: u128.leo
          content: 598474509u128
  - Value:
      Integer:
        - U128
        - "845119918"
        - line_start: 1
          line_stop: 1
          col_start: 1
          col_stop: 14
          path: u128.leo
          content: 845119918u128
  - Value:
      Integer:
        - U128
        - "648159133"
        - line_start: 1
          line_stop: 1
          col_start: 1
          col_stop: 14
          path: u128.leo
          content: 648159133u128
  - Value:
      Integer:
        - U128
        - "669051032"
        - line_start: 1
          line_stop: 1
          col_start: 1
          col_stop: 14
          path: u128.leo
          content: 669051032u128
  - Value:
      Integer:
        - U128
        - "800600261"
        - line_start: 1
          line_stop: 1
          col_start: 1
          col_stop: 14
          path: u128.leo
          content: 800600261u128
  - Value:
      Integer:
        - U128
        - "434689764"
        - line_start: 1
          line_stop: 1
          col_start: 1
          col_stop: 14
          path: u128.leo
          content: 434689764u128
  - Value:
      Integer:
        - U128
        - "520060080"
        - line_start: 1
          line_stop: 1
          col_start: 1
          col_stop: 14
          path: u128.leo
          content: 520060080u128
  - Value:
      Integer:
        - U128
        - "804659385"
        - line_start: 1
          line_stop: 1
          col_start: 1
          col_stop: 14
          path: u128.leo
          content: 804659385u128
  - Value:
      Integer:
        - U128
        - "537828058"
        - line_start: 1
          line_stop: 1
          col_start: 1
          col_stop: 14
          path: u128.leo
          content: 537828058u128
  - Value:
      Integer:
        - U128
        - "716600292"
        - line_start: 1
          line_stop: 1
          col_start: 1
          col_stop: 14
          path: u128.leo
          content: 716600292u128
  - Value:
      Integer:
        - U128
        - "387020273"
        - line_start: 1
          line_stop: 1
          col_start: 1
          col_stop: 14
          path: u128.leo
          content: 387020273u128
  - Value:
      Integer:
        - U128
        - "199375617"
        - line_start: 1
          line_stop: 1
          col_start: 1
          col_stop: 14
          path: u128.leo
          content: 199375617u128
  - Value:
      Integer:
        - U128
        - "680337189"
        - line_start: 1
          line_stop: 1
          col_start: 1
          col_stop: 14
          path: u128.leo
          content: 680337189u128
  - Value:
      Integer:
        - U128
        - "818479931"
        - line_start: 1
          line_stop: 1
          col_start: 1
          col_stop: 14
          path: u128.leo
          content: 818479931u128
  - Value:
      Integer:
        - U128
        - "893693281"
        - line_start: 1
          line_stop: 1
          col_start: 1
          col_stop: 14
          path: u128.leo
          content: 893693281u128
  - Value:
      Integer:
        - U128
        - "87377802"
        - line_start: 1
          line_stop: 1
          col_start: 1
          col_stop: 13
          path: u128.leo
          content: 87377802u128
  - Value:
      Integer:
        - U128
        - "84699261"
        - line_start: 1
          line_stop: 1
          col_start: 1
          col_stop: 13
          path: u128.leo
          content: 84699261u128
  - Value:
      Integer:
        - U128
        - "292826090"
        - line_start: 1
          line_stop: 1
          col_start: 1
          col_stop: 14
          path: u128.leo
          content: 292826090u128
  - Value:
      Integer:
        - U128
        - "569171405"
        - line_start: 1
          line_stop: 1
          col_start: 1
          col_stop: 14
          path: u128.leo
          content: 569171405u128
  - Value:
      Integer:
        - U128
        - "387436237"
        - line_start: 1
          line_stop: 1
          col_start: 1
          col_stop: 14
          path: u128.leo
          content: 387436237u128
  - Value:
      Integer:
        - U128
        - "150682190"
        - line_start: 1
          line_stop: 1
          col_start: 1
          col_stop: 14
          path: u128.leo
          content: 150682190u128
  - Value:
      Integer:
        - U128
        - "888770419"
        - line_start: 1
          line_stop: 1
          col_start: 1
          col_stop: 14
          path: u128.leo
          content: 888770419u128
  - Value:
      Integer:
        - U128
        - "824696431"
        - line_start: 1
          line_stop: 1
          col_start: 1
          col_stop: 14
          path: u128.leo
          content: 824696431u128
  - Value:
      Integer:
        - U128
        - "765659803"
        - line_start: 1
          line_stop: 1
          col_start: 1
          col_stop: 14
          path: u128.leo
          content: 765659803u128
  - Value:
      Integer:
        - U128
        - "270163693"
        - line_start: 1
          line_stop: 1
          col_start: 1
          col_stop: 14
          path: u128.leo
          content: 270163693u128
  - Value:
      Integer:
        - U128
        - "427940240"
        - line_start: 1
          line_stop: 1
          col_start: 1
          col_stop: 14
          path: u128.leo
          content: 427940240u128
  - Value:
      Integer:
        - U128
        - "504997332"
        - line_start: 1
          line_stop: 1
          col_start: 1
          col_stop: 14
          path: u128.leo
          content: 504997332u128
  - Value:
      Integer:
        - U128
        - "337808338"
        - line_start: 1
          line_stop: 1
          col_start: 1
          col_stop: 14
          path: u128.leo
          content: 337808338u128
  - Value:
      Integer:
        - U128
        - "907200008"
        - line_start: 1
          line_stop: 1
          col_start: 1
          col_stop: 14
          path: u128.leo
          content: 907200008u128
  - Value:
      Integer:
        - U128
        - "757177889"
        - line_start: 1
          line_stop: 1
          col_start: 1
          col_stop: 14
          path: u128.leo
          content: 757177889u128
  - Value:
      Integer:
        - U128
        - "696697188"
        - line_start: 1
          line_stop: 1
          col_start: 1
          col_stop: 14
          path: u128.leo
          content: 696697188u128
  - Value:
      Integer:
        - U128
        - "41376051"
        - line_start: 1
          line_stop: 1
          col_start: 1
          col_stop: 13
          path: u128.leo
          content: 41376051u128
  - Value:
      Integer:
        - U128
        - "496293518"
        - line_start: 1
          line_stop: 1
          col_start: 1
          col_stop: 14
          path: u128.leo
          content: 496293518u128
  - Value:
      Integer:
        - U128
        - "251218820"
        - line_start: 1
          line_stop: 1
          col_start: 1
          col_stop: 14
          path: u128.leo
          content: 251218820u128
