---
namespace: ParseExpression
expectation: Pass
outputs:
  - Value:
      Integer:
        - U32
        - "123"
        - line_start: 1
          line_stop: 1
          col_start: 1
          col_stop: 7
          path: u64.leo
          content: 123u32
  - Value:
      Implicit:
        - "123"
        - line_start: 1
          line_stop: 1
          col_start: 1
          col_stop: 4
          path: u64.leo
          content: "123"
  - Value:
      Integer:
        - U32
        - "456"
        - line_start: 1
          line_stop: 1
          col_start: 1
          col_stop: 7
          path: u64.leo
          content: 456u32
  - Value:
      Integer:
        - U32
        - "87377802873778028737780287377802873778028737780287377802873778028737780287377802"
        - line_start: 1
          line_stop: 1
          col_start: 1
          col_stop: 84
          path: u64.leo
          content: 87377802873778028737780287377802873778028737780287377802873778028737780287377802u32
  - Value:
      Integer:
        - U32
        - "8737780287377802873778028737780287377802873778028737780287377802873778028737780287377802873778028737780287377802873778028737780287377802873778028737780287377802873778028737780287377802873778028737780287377802873778028737780287377802873778028737780287377802873778028737780287377802873778028737780287377802873778028737780287377802873778028737780287377802873778028737780287377802873778028737780287377802"
        - line_start: 1
          line_stop: 1
          col_start: 1
          col_stop: 404
          path: u64.leo
          content: 8737780287377802873778028737780287377802873778028737780287377802873778028737780287377802873778028737780287377802873778028737780287377802873778028737780287377802873778028737780287377802873778028737780287377802873778028737780287377802873778028737780287377802873778028737780287377802873778028737780287377802873778028737780287377802873778028737780287377802873778028737780287377802873778028737780287377802u32
  - Value:
      Integer:
        - U32
        - "340130024"
        - line_start: 1
          line_stop: 1
          col_start: 1
          col_stop: 13
          path: u64.leo
          content: 340130024u32
  - Value:
      Integer:
        - U32
        - "158951116"
        - line_start: 1
          line_stop: 1
          col_start: 1
          col_stop: 13
          path: u64.leo
          content: 158951116u32
  - Value:
      Integer:
        - U32
        - "155529659"
        - line_start: 1
          line_stop: 1
          col_start: 1
          col_stop: 13
          path: u64.leo
          content: 155529659u32
  - Value:
      Integer:
        - U32
        - "642023166"
        - line_start: 1
          line_stop: 1
          col_start: 1
          col_stop: 13
          path: u64.leo
          content: 642023166u32
  - Value:
      Integer:
        - U32
        - "228481736"
        - line_start: 1
          line_stop: 1
          col_start: 1
          col_stop: 13
          path: u64.leo
          content: 228481736u32
  - Value:
      Integer:
        - U32
        - "469712960"
        - line_start: 1
          line_stop: 1
          col_start: 1
          col_stop: 13
          path: u64.leo
          content: 469712960u32
  - Value:
      Integer:
        - U32
        - "929437719"
        - line_start: 1
          line_stop: 1
          col_start: 1
          col_stop: 13
          path: u64.leo
          content: 929437719u32
  - Value:
      Integer:
        - U32
        - "721072814"
        - line_start: 1
          line_stop: 1
          col_start: 1
          col_stop: 13
          path: u64.leo
          content: 721072814u32
  - Value:
      Integer:
        - U32
        - "363254789"
        - line_start: 1
          line_stop: 1
          col_start: 1
          col_stop: 13
          path: u64.leo
          content: 363254789u32
  - Value:
      Integer:
        - U32
        - "906732565"
        - line_start: 1
          line_stop: 1
          col_start: 1
          col_stop: 13
          path: u64.leo
          content: 906732565u32
  - Value:
      Integer:
        - U32
        - "288246391"
        - line_start: 1
          line_stop: 1
          col_start: 1
          col_stop: 13
          path: u64.leo
          content: 288246391u32
  - Value:
      Integer:
        - U32
        - "724940549"
        - line_start: 1
          line_stop: 1
          col_start: 1
          col_stop: 13
          path: u64.leo
          content: 724940549u32
  - Value:
      Integer:
        - U32
        - "487101620"
        - line_start: 1
          line_stop: 1
          col_start: 1
          col_stop: 13
          path: u64.leo
          content: 487101620u32
  - Value:
      Integer:
        - U32
        - "261373583"
        - line_start: 1
          line_stop: 1
          col_start: 1
          col_stop: 13
          path: u64.leo
          content: 261373583u32
  - Value:
      Integer:
        - U32
        - "891163927"
        - line_start: 1
          line_stop: 1
          col_start: 1
          col_stop: 13
          path: u64.leo
          content: 891163927u32
  - Value:
      Integer:
        - U32
        - "743967544"
        - line_start: 1
          line_stop: 1
          col_start: 1
          col_stop: 13
          path: u64.leo
          content: 743967544u32
  - Value:
      Integer:
        - U32
        - "8372586"
        - line_start: 1
          line_stop: 1
          col_start: 1
          col_stop: 11
          path: u64.leo
          content: 8372586u32
  - Value:
      Integer:
        - U32
        - "461793278"
        - line_start: 1
          line_stop: 1
          col_start: 1
          col_stop: 13
          path: u64.leo
          content: 461793278u32
  - Value:
      Integer:
        - U32
        - "806307045"
        - line_start: 1
          line_stop: 1
          col_start: 1
          col_stop: 13
          path: u64.leo
          content: 806307045u32
  - Value:
      Integer:
        - U32
        - "122764546"
        - line_start: 1
          line_stop: 1
          col_start: 1
          col_stop: 13
          path: u64.leo
          content: 122764546u32
  - Value:
      Integer:
        - U32
        - "356336181"
        - line_start: 1
          line_stop: 1
          col_start: 1
          col_stop: 13
          path: u64.leo
          content: 356336181u32
  - Value:
      Integer:
        - U32
        - "158370903"
        - line_start: 1
          line_stop: 1
          col_start: 1
          col_stop: 13
          path: u64.leo
          content: 158370903u32
  - Value:
      Integer:
        - U32
        - "774460877"
        - line_start: 1
          line_stop: 1
          col_start: 1
          col_stop: 13
          path: u64.leo
          content: 774460877u32
  - Value:
      Integer:
        - U32
        - "557174131"
        - line_start: 1
          line_stop: 1
          col_start: 1
          col_stop: 13
          path: u64.leo
          content: 557174131u32
  - Value:
      Integer:
        - U32
        - "492401267"
        - line_start: 1
          line_stop: 1
          col_start: 1
          col_stop: 13
          path: u64.leo
          content: 492401267u32
  - Value:
      Integer:
        - U32
        - "893445620"
        - line_start: 1
          line_stop: 1
          col_start: 1
          col_stop: 13
          path: u64.leo
          content: 893445620u32
  - Value:
      Integer:
        - U32
        - "957757048"
        - line_start: 1
          line_stop: 1
          col_start: 1
          col_stop: 13
          path: u64.leo
          content: 957757048u32
  - Value:
      Integer:
        - U32
        - "721540649"
        - line_start: 1
          line_stop: 1
          col_start: 1
          col_stop: 13
          path: u64.leo
          content: 721540649u32
  - Value:
      Integer:
        - U32
        - "390746493"
        - line_start: 1
          line_stop: 1
          col_start: 1
          col_stop: 13
          path: u64.leo
          content: 390746493u32
  - Value:
      Integer:
        - U32
        - "211251725"
        - line_start: 1
          line_stop: 1
          col_start: 1
          col_stop: 13
          path: u64.leo
          content: 211251725u32
  - Value:
      Integer:
        - U32
        - "938266114"
        - line_start: 1
          line_stop: 1
          col_start: 1
          col_stop: 13
          path: u64.leo
          content: 938266114u32
  - Value:
      Integer:
        - U32
        - "156985870"
        - line_start: 1
          line_stop: 1
          col_start: 1
          col_stop: 13
          path: u64.leo
          content: 156985870u32
  - Value:
      Integer:
        - U32
        - "703831126"
        - line_start: 1
          line_stop: 1
          col_start: 1
          col_stop: 13
          path: u64.leo
          content: 703831126u32
  - Value:
      Integer:
        - U32
        - "729964155"
        - line_start: 1
          line_stop: 1
          col_start: 1
          col_stop: 13
          path: u64.leo
          content: 729964155u32
  - Value:
      Integer:
        - U32
        - "988151305"
        - line_start: 1
          line_stop: 1
          col_start: 1
          col_stop: 13
          path: u64.leo
          content: 988151305u32
  - Value:
      Integer:
        - U32
        - "320872435"
        - line_start: 1
          line_stop: 1
          col_start: 1
          col_stop: 13
          path: u64.leo
          content: 320872435u32
  - Value:
      Integer:
        - U32
        - "719287167"
        - line_start: 1
          line_stop: 1
          col_start: 1
          col_stop: 13
          path: u64.leo
          content: 719287167u32
  - Value:
      Integer:
        - U32
        - "152289486"
        - line_start: 1
          line_stop: 1
          col_start: 1
          col_stop: 13
          path: u64.leo
          content: 152289486u32
  - Value:
      Integer:
        - U32
        - "740067975"
        - line_start: 1
          line_stop: 1
          col_start: 1
          col_stop: 13
          path: u64.leo
          content: 740067975u32
  - Value:
      Integer:
        - U32
        - "728627816"
        - line_start: 1
          line_stop: 1
          col_start: 1
          col_stop: 13
          path: u64.leo
          content: 728627816u32
  - Value:
      Integer:
        - U32
        - "385008978"
        - line_start: 1
          line_stop: 1
          col_start: 1
          col_stop: 13
          path: u64.leo
          content: 385008978u32
  - Value:
      Integer:
        - U32
        - "553967635"
        - line_start: 1
          line_stop: 1
          col_start: 1
          col_stop: 13
          path: u64.leo
          content: 553967635u32
  - Value:
      Integer:
        - U32
        - "71980713"
        - line_start: 1
          line_stop: 1
          col_start: 1
          col_stop: 12
          path: u64.leo
          content: 71980713u32
  - Value:
      Integer:
        - U32
        - "519444716"
        - line_start: 1
          line_stop: 1
          col_start: 1
          col_stop: 13
          path: u64.leo
          content: 519444716u32
  - Value:
      Integer:
        - U32
        - "116499965"
        - line_start: 1
          line_stop: 1
          col_start: 1
          col_stop: 13
          path: u64.leo
          content: 116499965u32
  - Value:
      Integer:
        - U32
        - "717422268"
        - line_start: 1
          line_stop: 1
          col_start: 1
          col_stop: 13
          path: u64.leo
          content: 717422268u32
  - Value:
      Integer:
        - U32
        - "18966279"
        - line_start: 1
          line_stop: 1
          col_start: 1
          col_stop: 12
          path: u64.leo
          content: 18966279u32
  - Value:
      Integer:
        - U32
        - "22458638"
        - line_start: 1
          line_stop: 1
          col_start: 1
          col_stop: 12
          path: u64.leo
          content: 22458638u32
  - Value:
      Integer:
        - U32
        - "857282620"
        - line_start: 1
          line_stop: 1
          col_start: 1
          col_stop: 13
          path: u64.leo
          content: 857282620u32
  - Value:
      Integer:
        - U32
        - "920675898"
        - line_start: 1
          line_stop: 1
          col_start: 1
          col_stop: 13
          path: u64.leo
          content: 920675898u32
  - Value:
      Integer:
        - U32
        - "762235516"
        - line_start: 1
          line_stop: 1
          col_start: 1
          col_stop: 13
          path: u64.leo
          content: 762235516u32
  - Value:
      Integer:
        - U32
        - "469018377"
        - line_start: 1
          line_stop: 1
          col_start: 1
          col_stop: 13
          path: u64.leo
          content: 469018377u32
  - Value:
      Integer:
        - U32
        - "199986521"
        - line_start: 1
          line_stop: 1
          col_start: 1
          col_stop: 13
          path: u64.leo
          content: 199986521u32
  - Value:
      Integer:
        - U32
        - "536679358"
        - line_start: 1
          line_stop: 1
          col_start: 1
          col_stop: 13
          path: u64.leo
          content: 536679358u32
  - Value:
      Integer:
        - U32
        - "591399452"
        - line_start: 1
          line_stop: 1
          col_start: 1
          col_stop: 13
          path: u64.leo
          content: 591399452u32
  - Value:
      Integer:
        - U32
        - "83083158"
        - line_start: 1
          line_stop: 1
          col_start: 1
          col_stop: 12
          path: u64.leo
          content: 83083158u32
  - Value:
      Integer:
        - U32
        - "599449051"
        - line_start: 1
          line_stop: 1
          col_start: 1
          col_stop: 13
          path: u64.leo
          content: 599449051u32
  - Value:
      Integer:
        - U32
        - "445442318"
        - line_start: 1
          line_stop: 1
          col_start: 1
          col_stop: 13
          path: u64.leo
          content: 445442318u32
  - Value:
      Integer:
        - U32
        - "585486590"
        - line_start: 1
          line_stop: 1
          col_start: 1
          col_stop: 13
          path: u64.leo
          content: 585486590u32
  - Value:
      Integer:
        - U32
        - "209278800"
        - line_start: 1
          line_stop: 1
          col_start: 1
          col_stop: 13
          path: u64.leo
          content: 209278800u32
  - Value:
      Integer:
        - U32
        - "873568117"
        - line_start: 1
          line_stop: 1
          col_start: 1
          col_stop: 13
          path: u64.leo
          content: 873568117u32
  - Value:
      Integer:
        - U32
        - "664470940"
        - line_start: 1
          line_stop: 1
          col_start: 1
          col_stop: 13
          path: u64.leo
          content: 664470940u32
  - Value:
      Integer:
        - U32
        - "465262783"
        - line_start: 1
          line_stop: 1
          col_start: 1
          col_stop: 13
          path: u64.leo
          content: 465262783u32
  - Value:
      Integer:
        - U32
        - "605652874"
        - line_start: 1
          line_stop: 1
          col_start: 1
          col_stop: 13
          path: u64.leo
          content: 605652874u32
  - Value:
      Integer:
        - U32
        - "376803940"
        - line_start: 1
          line_stop: 1
          col_start: 1
          col_stop: 13
          path: u64.leo
          content: 376803940u32
  - Value:
      Integer:
        - U32
        - "965247040"
        - line_start: 1
          line_stop: 1
          col_start: 1
          col_stop: 13
          path: u64.leo
          content: 965247040u32
  - Value:
      Integer:
        - U32
        - "598474509"
        - line_start: 1
          line_stop: 1
          col_start: 1
          col_stop: 13
          path: u64.leo
          content: 598474509u32
  - Value:
      Integer:
        - U32
        - "845119918"
        - line_start: 1
          line_stop: 1
          col_start: 1
          col_stop: 13
          path: u64.leo
          content: 845119918u32
  - Value:
      Integer:
        - U32
        - "648159133"
        - line_start: 1
          line_stop: 1
          col_start: 1
          col_stop: 13
          path: u64.leo
          content: 648159133u32
  - Value:
      Integer:
        - U32
        - "669051032"
        - line_start: 1
          line_stop: 1
          col_start: 1
          col_stop: 13
          path: u64.leo
          content: 669051032u32
  - Value:
      Integer:
        - U32
        - "800600261"
        - line_start: 1
          line_stop: 1
          col_start: 1
          col_stop: 13
          path: u64.leo
          content: 800600261u32
  - Value:
      Integer:
        - U32
        - "434689764"
        - line_start: 1
          line_stop: 1
          col_start: 1
          col_stop: 13
          path: u64.leo
          content: 434689764u32
  - Value:
      Integer:
        - U32
        - "520060080"
        - line_start: 1
          line_stop: 1
          col_start: 1
          col_stop: 13
          path: u64.leo
          content: 520060080u32
  - Value:
      Integer:
        - U32
        - "804659385"
        - line_start: 1
          line_stop: 1
          col_start: 1
          col_stop: 13
          path: u64.leo
          content: 804659385u32
  - Value:
      Integer:
        - U32
        - "537828058"
        - line_start: 1
          line_stop: 1
          col_start: 1
          col_stop: 13
          path: u64.leo
          content: 537828058u32
  - Value:
      Integer:
        - U32
        - "716600292"
        - line_start: 1
          line_stop: 1
          col_start: 1
          col_stop: 13
          path: u64.leo
          content: 716600292u32
  - Value:
      Integer:
        - U32
        - "387020273"
        - line_start: 1
          line_stop: 1
          col_start: 1
          col_stop: 13
          path: u64.leo
          content: 387020273u32
  - Value:
      Integer:
        - U32
        - "199375617"
        - line_start: 1
          line_stop: 1
          col_start: 1
          col_stop: 13
          path: u64.leo
          content: 199375617u32
  - Value:
      Integer:
        - U32
        - "680337189"
        - line_start: 1
          line_stop: 1
          col_start: 1
          col_stop: 13
          path: u64.leo
          content: 680337189u32
  - Value:
      Integer:
        - U32
        - "818479931"
        - line_start: 1
          line_stop: 1
          col_start: 1
          col_stop: 13
          path: u64.leo
          content: 818479931u32
  - Value:
      Integer:
        - U32
        - "893693281"
        - line_start: 1
          line_stop: 1
          col_start: 1
          col_stop: 13
          path: u64.leo
          content: 893693281u32
  - Value:
      Integer:
        - U32
        - "87377802"
        - line_start: 1
          line_stop: 1
          col_start: 1
          col_stop: 12
          path: u64.leo
          content: 87377802u32
  - Value:
      Integer:
        - U32
        - "84699261"
        - line_start: 1
          line_stop: 1
          col_start: 1
          col_stop: 12
          path: u64.leo
          content: 84699261u32
  - Value:
      Integer:
        - U32
        - "292826090"
        - line_start: 1
          line_stop: 1
          col_start: 1
          col_stop: 13
          path: u64.leo
          content: 292826090u32
  - Value:
      Integer:
        - U32
        - "569171405"
        - line_start: 1
          line_stop: 1
          col_start: 1
          col_stop: 13
          path: u64.leo
          content: 569171405u32
  - Value:
      Integer:
        - U32
        - "387436237"
        - line_start: 1
          line_stop: 1
          col_start: 1
          col_stop: 13
          path: u64.leo
          content: 387436237u32
  - Value:
      Integer:
        - U32
        - "150682190"
        - line_start: 1
          line_stop: 1
          col_start: 1
          col_stop: 13
          path: u64.leo
          content: 150682190u32
  - Value:
      Integer:
        - U32
        - "888770419"
        - line_start: 1
          line_stop: 1
          col_start: 1
          col_stop: 13
          path: u64.leo
          content: 888770419u32
  - Value:
      Integer:
        - U32
        - "824696431"
        - line_start: 1
          line_stop: 1
          col_start: 1
          col_stop: 13
          path: u64.leo
          content: 824696431u32
  - Value:
      Integer:
        - U32
        - "765659803"
        - line_start: 1
          line_stop: 1
          col_start: 1
          col_stop: 13
          path: u64.leo
          content: 765659803u32
  - Value:
      Integer:
        - U32
        - "270163693"
        - line_start: 1
          line_stop: 1
          col_start: 1
          col_stop: 13
          path: u64.leo
          content: 270163693u32
  - Value:
      Integer:
        - U32
        - "427940240"
        - line_start: 1
          line_stop: 1
          col_start: 1
          col_stop: 13
          path: u64.leo
          content: 427940240u32
  - Value:
      Integer:
        - U32
        - "504997332"
        - line_start: 1
          line_stop: 1
          col_start: 1
          col_stop: 13
          path: u64.leo
          content: 504997332u32
  - Value:
      Integer:
        - U32
        - "337808338"
        - line_start: 1
          line_stop: 1
          col_start: 1
          col_stop: 13
          path: u64.leo
          content: 337808338u32
  - Value:
      Integer:
        - U32
        - "907200008"
        - line_start: 1
          line_stop: 1
          col_start: 1
          col_stop: 13
          path: u64.leo
          content: 907200008u32
  - Value:
      Integer:
        - U32
        - "757177889"
        - line_start: 1
          line_stop: 1
          col_start: 1
          col_stop: 13
          path: u64.leo
          content: 757177889u32
  - Value:
      Integer:
        - U32
        - "696697188"
        - line_start: 1
          line_stop: 1
          col_start: 1
          col_stop: 13
          path: u64.leo
          content: 696697188u32
  - Value:
      Integer:
        - U32
        - "41376051"
        - line_start: 1
          line_stop: 1
          col_start: 1
          col_stop: 12
          path: u64.leo
          content: 41376051u32
  - Value:
      Integer:
        - U32
        - "496293518"
        - line_start: 1
          line_stop: 1
          col_start: 1
          col_stop: 13
          path: u64.leo
          content: 496293518u32
  - Value:
      Integer:
        - U32
        - "251218820"
        - line_start: 1
          line_stop: 1
          col_start: 1
          col_stop: 13
          path: u64.leo
          content: 251218820u32
