---
namespace: Compile
expectation: Pass
outputs:
  - circuit:
      num_public_variables: 0
      num_private_variables: 65
      num_constraints: 65
      at: 83a4d089927a9811a9d4ed5b3ee2e50e395cd598de865653be04a2c51904b072
      bt: 30bc7cfbc53a2e928ca0310b6041f1f1548ad7c1197ffc9301b46522122e5561
      ct: f037d279ccea3ca689e05801ec3ba0053b5ce66a1763d4620262ea9b69873008
    output:
      - input_file: ne.in
        output:
          registers:
            r0:
              type: bool
              value: "true"
    initial_ast: ac7868e2b7e8513f2828a722ced2780d8b416f3d568855c9186d4ddfaf98335a
    imports_resolved_ast: f376edea71aff6a897b2c2fbb5667573fa8e494941b5c46e2bfce932c80012ec
    canonicalized_ast: f376edea71aff6a897b2c2fbb5667573fa8e494941b5c46e2bfce932c80012ec
    type_inferenced_ast: b3f5fd266262dc698f668420135d953c7d1cc313a45ed0fc365c5919926e14c4
