---
namespace: Compile
expectation: Pass
outputs:
  - circuit:
      num_public_variables: 0
      num_private_variables: 1
      num_constraints: 1
      at: 042610d0fd1fe6d6ac112138f8755752f44c7d2a00f1b5960574d6da5cda393f
      bt: e97756698880ab7555a959a5fb5c6b4e15bd64612aa677adbfe2d0bd91f0a83c
      ct: cf1cbb66a638b4860a516671fb74850e6ccf787fe6c4c8d29e9c04efe880bd05
    output:
      - input_file: "../input/dummy.in"
        output:
          registers:
            r0:
              type: bool
              value: "true"
    initial_ast: eb227b151672407f704b79a5eb43c2943c1c635f787fc2226c8ddf424c1339d8
    imports_resolved_ast: 0a433cdaaec92f2a215f9345fae964824e62c2f915dc560a11a3bc0d29a77ee5
    canonicalized_ast: 0a433cdaaec92f2a215f9345fae964824e62c2f915dc560a11a3bc0d29a77ee5
    type_inferenced_ast: 13b58a12ecaa4e3e28bee6649165fb75395a75361b78281ec39dbe37e92fabcd
