---
namespace: Compile
expectation: Pass
outputs:
  - circuit:
      num_public_variables: 0
      num_private_variables: 50431
      num_constraints: 66944
      at: 76a413f70472403c5adeed7a79d4c2a43f5b24850b4874fff1f6a323d4396a65
      bt: 011ebf5dd53ae194c7135690f3bc6307a362ea10ba113e19ae7195be6ab375a9
      ct: 147b92b75d75f78bed11d65294d9ae2479b8ab32f98521755557fd54076f3c07
    output:
      - input_file: mul.in
        output:
          registers:
            r0:
              type: bool
              value: "false"
    initial_ast: 74424868643e146a9a7da2f40c1213bb6a1c9217f2eee06168dd837c3af9072d
    imports_resolved_ast: 943a99afcee736d5837a6b4d2cbed6cc158f2c2411974e3f24317b80e0a84548
    canonicalized_ast: 943a99afcee736d5837a6b4d2cbed6cc158f2c2411974e3f24317b80e0a84548
    type_inferenced_ast: bf4501b02fffb9337f2203df7be183ebed41a97f62bb85f8e42488088efb88d8
