---
namespace: Compile
expectation: Fail
outputs:
  - "Error [EASG0373045]: a circuit named \"Foo\" already exists in this scope\n    --> compiler-test:3:1\n     |\n   3 | const Foo = 8u8;\n     | ^^^^^^^^^^^^^^^"
