---
namespace: Parse
expectation: Pass
outputs:
  - name: ""
    expected_input: []
    imports: []
    circuits: {}
    functions:
      "{\"name\":\"x\",\"span\":\"{\\\"line_start\\\":3,\\\"line_stop\\\":3,\\\"col_start\\\":10,\\\"col_stop\\\":11,\\\"path\\\":\\\"empty2.leo\\\",\\\"content\\\":\\\"function x() {}\\\"}\"}":
        annotations: []
        identifier: "{\"name\":\"x\",\"span\":\"{\\\"line_start\\\":3,\\\"line_stop\\\":3,\\\"col_start\\\":10,\\\"col_stop\\\":11,\\\"path\\\":\\\"empty2.leo\\\",\\\"content\\\":\\\"function x() {}\\\"}\"}"
        input: []
        output: ~
        block:
          statements: []
          span:
            line_start: 3
            line_stop: 3
            col_start: 14
            col_stop: 16
            path: empty2.leo
            content: "function x() {}"
        span:
          line_start: 3
          line_stop: 3
          col_start: 1
          col_stop: 16
          path: empty2.leo
          content: "function x() {}"
