---
namespace: Compile
expectation: Fail
outputs:
  - "Error [EASG0373030]: failed to parse int value '170141183460469231731687303715884105728'\n    --> compiler-test:4:21\n     |\n   4 |     const a: i128 = 170141183460469231731687303715884105728;\n     |                     ^^^^^^^^^^^^^^^^^^^^^^^^^^^^^^^^^^^^^^^"
