---
namespace: Compile
expectation: Fail
outputs:
  - "    --> compiler-test:4:19\n     |\n   4 |     const a: i8 = 128;\n     |                   ^^^\n     |\n     = failed to parse int value '128'"
