---
namespace: Compile
expectation: Pass
outputs:
  - circuit:
      num_public_variables: 0
      num_private_variables: 1
      num_constraints: 1
      at: 042610d0fd1fe6d6ac112138f8755752f44c7d2a00f1b5960574d6da5cda393f
      bt: e97756698880ab7555a959a5fb5c6b4e15bd64612aa677adbfe2d0bd91f0a83c
      ct: cf1cbb66a638b4860a516671fb74850e6ccf787fe6c4c8d29e9c04efe880bd05
    output:
      - input_file: "../input/dummy.in"
        output:
          registers:
            r0:
              type: bool
              value: "true"
    initial_ast: e01cfedfcfce4840c7fc091bdae84fd21218793a938ff0998bff61bd93a15566
    imports_resolved_ast: d82f81c5c6097be667d6e97838f54022fd380171d1885726b73ccc482aeed771
    canonicalized_ast: d82f81c5c6097be667d6e97838f54022fd380171d1885726b73ccc482aeed771
    type_inferenced_ast: 77b9802ac870a9e1ecfc58ff21f4d3a1ad6fdc394d04320d78a190fa01ad1424
