---
namespace: ParseStatement
expectation: Pass
outputs:
  - Iteration:
      variable: "{\"name\":\"x\",\"span\":\"{\\\"line_start\\\":1,\\\"line_stop\\\":1,\\\"col_start\\\":5,\\\"col_stop\\\":6,\\\"path\\\":\\\"\\\",\\\"content\\\":\\\"for x in 0..7 {}\\\"}\"}"
      start:
        Value:
          Implicit:
            - "0"
            - span:
                line_start: 1
                line_stop: 1
                col_start: 10
                col_stop: 11
                path: ""
                content: "for x in 0..7 {}"
      stop:
        Value:
          Implicit:
            - "7"
            - span:
                line_start: 1
                line_stop: 1
                col_start: 13
                col_stop: 14
                path: ""
                content: "for x in 0..7 {}"
      inclusive: false
      block:
        statements: []
        span:
          line_start: 1
          line_stop: 1
          col_start: 15
          col_stop: 17
          path: ""
          content: "for x in 0..7 {}"
      span:
        line_start: 1
        line_stop: 1
        col_start: 1
        col_stop: 17
        path: ""
        content: "for x in 0..7 {}"
  - Iteration:
      variable: "{\"name\":\"x\",\"span\":\"{\\\"line_start\\\":1,\\\"line_stop\\\":1,\\\"col_start\\\":5,\\\"col_stop\\\":6,\\\"path\\\":\\\"\\\",\\\"content\\\":\\\"for x in 0..7 {\\\"}\"}"
      start:
        Value:
          Implicit:
            - "0"
            - span:
                line_start: 1
                line_stop: 1
                col_start: 10
                col_stop: 11
                path: ""
                content: "for x in 0..7 {"
      stop:
        Value:
          Implicit:
            - "7"
            - span:
                line_start: 1
                line_stop: 1
                col_start: 13
                col_stop: 14
                path: ""
                content: "for x in 0..7 {"
      inclusive: false
      block:
        statements:
          - Return:
              expression:
                TupleInit:
                  elements: []
                  span:
                    line_start: 2
                    line_stop: 2
                    col_start: 8
                    col_stop: 10
                    path: ""
                    content: return ();
              span:
                line_start: 2
                line_stop: 2
                col_start: 1
                col_stop: 10
                path: ""
                content: return ();
        span:
          line_start: 1
          line_stop: 3
          col_start: 15
          col_stop: 2
          path: ""
          content: "for x in 0..7 {\n     ...\n}"
      span:
        line_start: 1
        line_stop: 3
        col_start: 1
        col_stop: 2
        path: ""
        content: "for x in 0..7 {\n     ...\n}"
  - Iteration:
      variable: "{\"name\":\"x\",\"span\":\"{\\\"line_start\\\":1,\\\"line_stop\\\":1,\\\"col_start\\\":5,\\\"col_stop\\\":6,\\\"path\\\":\\\"\\\",\\\"content\\\":\\\"for x in 0..99u8 {\\\"}\"}"
      start:
        Value:
          Implicit:
            - "0"
            - span:
                line_start: 1
                line_stop: 1
                col_start: 10
                col_stop: 11
                path: ""
                content: "for x in 0..99u8 {"
      stop:
        Value:
          Integer:
            - U8
            - "99"
            - span:
                line_start: 1
                line_stop: 1
                col_start: 13
                col_stop: 17
                path: ""
                content: "for x in 0..99u8 {"
      inclusive: false
      block:
        statements:
          - Return:
              expression:
                TupleInit:
                  elements: []
                  span:
                    line_start: 2
                    line_stop: 2
                    col_start: 8
                    col_stop: 10
                    path: ""
                    content: return ();
              span:
                line_start: 2
                line_stop: 2
                col_start: 1
                col_stop: 10
                path: ""
                content: return ();
        span:
          line_start: 1
          line_stop: 3
          col_start: 18
          col_stop: 2
          path: ""
          content: "for x in 0..99u8 {\n     ...\n}"
      span:
        line_start: 1
        line_stop: 3
        col_start: 1
        col_stop: 2
        path: ""
        content: "for x in 0..99u8 {\n     ...\n}"
  - Iteration:
      variable: "{\"name\":\"x\",\"span\":\"{\\\"line_start\\\":1,\\\"line_stop\\\":1,\\\"col_start\\\":5,\\\"col_stop\\\":6,\\\"path\\\":\\\"\\\",\\\"content\\\":\\\"for x in 0..Self {\\\"}\"}"
      start:
        Value:
          Implicit:
            - "0"
            - span:
                line_start: 1
                line_stop: 1
                col_start: 10
                col_stop: 11
                path: ""
                content: "for x in 0..Self {"
      stop:
        Identifier: "{\"name\":\"Self\",\"span\":\"{\\\"line_start\\\":1,\\\"line_stop\\\":1,\\\"col_start\\\":13,\\\"col_stop\\\":17,\\\"path\\\":\\\"\\\",\\\"content\\\":\\\"for x in 0..Self {\\\"}\"}"
      inclusive: false
      block:
        statements:
          - Return:
              expression:
                TupleInit:
                  elements: []
                  span:
                    line_start: 2
                    line_stop: 2
                    col_start: 8
                    col_stop: 10
                    path: ""
                    content: return ();
              span:
                line_start: 2
                line_stop: 2
                col_start: 1
                col_stop: 10
                path: ""
                content: return ();
        span:
          line_start: 1
          line_stop: 3
          col_start: 18
          col_stop: 2
          path: ""
          content: "for x in 0..Self {\n     ...\n}"
      span:
        line_start: 1
        line_stop: 3
        col_start: 1
        col_stop: 2
        path: ""
        content: "for x in 0..Self {\n     ...\n}"
