---
namespace: Compile
expectation: Pass
outputs:
  - circuit:
      num_public_variables: 0
      num_private_variables: 223
      num_constraints: 223
      at: 87fe022f8971e90450cc219824d04ea84f08040429143393193aa2de0321759f
      bt: 65e18f4e1e32d72f87d238401f8397b5d8ba20e7da7d50cc5930faa5673cdb77
      ct: 389354117abccc4ef9f4822705889f64f1d16b7e0d2adae52005c7b91b0ccabb
    output:
      - input_file: input/main_multi_dimension_array.in
        output:
          registers:
            r0:
              type: bool
              value: "true"
    initial_ast: 53d68180850799ecb45460d4d4633b21c21ff79516147cfd17227ff7d9431177
    imports_resolved_ast: 095376432f754aab779c8e306774eaaf838683f2ead86ce1400a9a17fb49831a
    canonicalized_ast: 8e8487f55873c4fe7a1ca68f21cf563934e6a59b7d43cb1881788b635d18c15d
    type_inferenced_ast: 01ed6c6f8707c919eff244cabfab9ef6fbc60a4e4667242648b362949f7b2745
