---
namespace: Compile
expectation: Pass
outputs:
  - circuit:
      num_public_variables: 0
      num_private_variables: 6
      num_constraints: 3
      at: cc1286e0b6fa2e90fb6f0880431a7c1e2cc37a329fae3aff1c13f51036c66f12
      bt: 02c492cb6df07172e56cffd0cfd902a8443921e1256a2d907bbabd30bf6b8f6d
      ct: a1f8e2b168c0f2f28f0ca3f16ce9b25ba7f7c410cfd68b0912bf19c90b53f2a2
    output:
      - input_file: inputs/ascii.in
        output:
          registers:
            r:
              type: char
              value: "'Z'"
      - input_file: inputs/escaped_unicode1.in
        output:
          registers:
            r:
              type: char
              value: "'a'"
      - input_file: inputs/escaped_unicode2.in
        output:
          registers:
            r:
              type: char
              value: "'a'"
      - input_file: inputs/escaped_unicode3.in
        output:
          registers:
            r:
              type: char
              value: "'a'"
      - input_file: inputs/escaped_unicode4.in
        output:
          registers:
            r:
              type: char
              value: "'a'"
      - input_file: inputs/escaped_unicode5.in
        output:
          registers:
            r:
              type: char
              value: "'a'"
      - input_file: inputs/escaped_unicode6.in
        output:
          registers:
            r:
              type: char
              value: "'a'"
      - input_file: inputs/escaped.in
        output:
          registers:
            r:
              type: char
              value: "'a'"
      - input_file: inputs/hex1.in
        output:
          registers:
            r:
              type: char
              value: "'a'"
      - input_file: inputs/hex2.in
        output:
          registers:
            r:
              type: char
              value: "'a'"
      - input_file: inputs/unicode1.in
        output:
          registers:
            r:
              type: char
              value: "'a'"
      - input_file: inputs/unicode2.in
        output:
          registers:
            r:
              type: char
              value: "'a'"
      - input_file: inputs/unicode3.in
        output:
          registers:
            r:
              type: char
              value: "'a'"
      - input_file: inputs/unicode4.in
        output:
          registers:
            r:
              type: char
              value: "'a'"
      - input_file: inputs/unicode5.in
        output:
          registers:
            r:
              type: char
              value: "'a'"
