---
namespace: ParseExpression
expectation: Pass
outputs:
  - ArrayInit:
      element:
        Value:
          Integer:
            - U8
            - "0"
            - span:
                line_start: 1
                line_stop: 1
                col_start: 2
                col_stop: 5
                path: ""
                content: "[0u8; 1]"
      dimensions:
        - value: "1"
      span:
        line_start: 1
        line_stop: 1
        col_start: 1
        col_stop: 9
        path: ""
        content: "[0u8; 1]"
  - ArrayInit:
      element:
        Value:
          Implicit:
            - "0"
            - span:
                line_start: 1
                line_stop: 1
                col_start: 2
                col_stop: 3
                path: ""
                content: "[0; 1]"
      dimensions:
        - value: "1"
      span:
        line_start: 1
        line_stop: 1
        col_start: 1
        col_stop: 7
        path: ""
        content: "[0; 1]"
  - ArrayInit:
      element:
        Value:
          Implicit:
            - "0"
            - span:
                line_start: 1
                line_stop: 1
                col_start: 2
                col_stop: 3
                path: ""
                content: "[0; (1)]"
      dimensions:
        - value: "1"
      span:
        line_start: 1
        line_stop: 1
        col_start: 1
        col_stop: 9
        path: ""
        content: "[0; (1)]"
  - ArrayInit:
      element:
        Value:
          Implicit:
            - "0"
            - span:
                line_start: 1
                line_stop: 1
                col_start: 2
                col_stop: 3
                path: ""
                content: "[0; (1, 2)]"
      dimensions:
        - value: "1"
        - value: "2"
      span:
        line_start: 1
        line_stop: 1
        col_start: 1
        col_stop: 12
        path: ""
        content: "[0; (1, 2)]"
  - ArrayInit:
      element:
        Value:
          Implicit:
            - "0"
            - span:
                line_start: 1
                line_stop: 1
                col_start: 2
                col_stop: 3
                path: ""
                content: "[0; (1, 2, 3)]"
      dimensions:
        - value: "1"
        - value: "2"
        - value: "3"
      span:
        line_start: 1
        line_stop: 1
        col_start: 1
        col_stop: 15
        path: ""
        content: "[0; (1, 2, 3)]"
  - ArrayInit:
      element:
        ArrayInit:
          element:
            ArrayInit:
              element:
                Value:
                  Implicit:
                    - "0"
                    - span:
                        line_start: 1
                        line_stop: 1
                        col_start: 4
                        col_stop: 5
                        path: ""
                        content: "[[[0; 3]; 2]; 1]"
              dimensions:
                - value: "3"
              span:
                line_start: 1
                line_stop: 1
                col_start: 3
                col_stop: 9
                path: ""
                content: "[[[0; 3]; 2]; 1]"
          dimensions:
            - value: "2"
          span:
            line_start: 1
            line_stop: 1
            col_start: 2
            col_stop: 13
            path: ""
            content: "[[[0; 3]; 2]; 1]"
      dimensions:
        - value: "1"
      span:
        line_start: 1
        line_stop: 1
        col_start: 1
        col_stop: 17
        path: ""
        content: "[[[0; 3]; 2]; 1]"
