---
namespace: Compile
expectation: Fail
outputs:
  - "Error [EAST0372005]: cannot call keyword `Self` outside of a circuit function\n    --> compiler-test:16:3\n     |\n  16 |   let foo: Self = Foo::new();\n     |   ^^^^^^^^^^^^^^^^^^^^^^^^^^"
