---
namespace: Compile
expectation: Pass
outputs:
  - circuit:
      num_public_variables: 0
      num_private_variables: 33823
      num_constraints: 50719
      at: 894e21b7ca1c178a167a94f174b4ea0d37b102b394100a15c92e78e16a87acdf
      bt: 6756180897cb6c9fe53fce913fd9ad1c77a5b537b805da2c7f42de0473d12c94
      ct: 2f2e90dcee9f8a28e7a9fd4ee37093e4d247d07e4ab97937ecd0ba60ec5dd903
    output:
      - input_file: pedersen.in
        output:
          registers:
            r0:
              type: bool
              value: "true"
    initial_ast: feb613e87fc57af20d1f190142c0e8a69172763b8cf59bde0182e0c336391ad2
    imports_resolved_ast: 23897a4ad8dfc47e1ca465dcfe26b66a450d2c885463136c4ef38476c7e43cd2
    canonicalized_ast: d42cf96da20debb01835b8b0866c65ebb069b3a5488d5e84854476523c54dad3
    type_inferenced_ast: c8e85ac19397ef9193cba09df3b0146e9ac34b6fce5b2de6a91d7902bdeffda4
