---
namespace: Compile
expectation: Pass
outputs:
  - circuit:
      num_public_variables: 0
      num_private_variables: 1
      num_constraints: 1
      at: 042610d0fd1fe6d6ac112138f8755752f44c7d2a00f1b5960574d6da5cda393f
      bt: e97756698880ab7555a959a5fb5c6b4e15bd64612aa677adbfe2d0bd91f0a83c
      ct: cf1cbb66a638b4860a516671fb74850e6ccf787fe6c4c8d29e9c04efe880bd05
    output:
      - input_file: input/dummy.in
        output:
          registers:
            r0:
              type: bool
              value: "true"
    initial_ast: e6ca0071804abebda9d404fd9a37e405fa907dd65cb6fe4e048b247987bac1cb
    imports_resolved_ast: 98853f9a5c136d2222b759f80d15dd8cfa0917fc633be08fe5f9be41a19575c7
    canonicalized_ast: f05455b2183fc50be83eb6dbff17350f01a2fa87643e6ea3ea31b14fa768593d
    type_inferenced_ast: df0baf94bb84b776c03ea4f12d4c506094b17a306df234b0713b5b66f2ce69e6
