---
namespace: Compile
expectation: Pass
outputs:
  - circuit:
      num_public_variables: 0
      num_private_variables: 68
      num_constraints: 51
      at: 45fa182371664010950da6ec3fa6360de34dda5cb814b3c8bd119a09e86b5c77
      bt: 4da3499799890924c2910625e052c6757e7cfd857ebbd18afd3d16b5bd0e9a73
      ct: 183c15a7bf0d7c109b082a55e696874797e7ce685096881ce803f6bfa453a875
    output:
      - input_file: inputs/string.in
        output:
          registers:
            out:
              type: bool
              value: "true"
      - input_file: inputs/weird.in
        output:
          registers:
            out:
              type: bool
              value: "true"
    initial_ast: fed4193ee5ff9662f849a3422b1ed9d8cc9b88d29ca14fdbbab7c4ebf37b31bf
    imports_resolved_ast: 03bbb91589dc72f609ca8d90b31b4a7dca39da9bf70e7f511d311381caa6dc0e
    canonicalized_ast: cec5fc5ce010ecaa24d9ffeb9ce71d273496c8145f92f96dd8422e163685f793
    type_inferenced_ast: 691d64f78cf29c82c4006409761d3b1370ba0c8581f3f098d22b741b2c2985f7
