---
namespace: Token
expectation: Pass
outputs:
  - "'a' @ 1:1-4"
  - "'Z' @ 1:1-4"
  - "'\"' @ 1:1-5"
  - "'' @ 1:1-5"
  - "'' @ 1:1-5"
  - "'\u0000' @ 1:1-5"
  - "'❤' @ 1:1-11"
  - "'の' @ 1:1-11"
  - "'❤' @ 1:1-6"
  - "'の' @ 1:1-6"
  - "'*' @ 1:1-7"
