---
namespace: ParseExpression
expectation: Pass
outputs:
  - CircuitMemberAccess:
      circuit:
        Identifier: "{\"name\":\"x\",\"span\":\"{\\\"line_start\\\":1,\\\"line_stop\\\":1,\\\"col_start\\\":1,\\\"col_stop\\\":2,\\\"path\\\":\\\"\\\",\\\"content\\\":\\\"x.y\\\"}\"}"
      name: "{\"name\":\"y\",\"span\":\"{\\\"line_start\\\":1,\\\"line_stop\\\":1,\\\"col_start\\\":3,\\\"col_stop\\\":4,\\\"path\\\":\\\"\\\",\\\"content\\\":\\\"x.y\\\"}\"}"
      span:
        line_start: 1
        line_stop: 1
        col_start: 1
        col_stop: 4
        path: ""
        content: x.y
      type_: ~
  - CircuitMemberAccess:
      circuit:
        Identifier: "{\"name\":\"X\",\"span\":\"{\\\"line_start\\\":1,\\\"line_stop\\\":1,\\\"col_start\\\":1,\\\"col_stop\\\":2,\\\"path\\\":\\\"\\\",\\\"content\\\":\\\"X.Y\\\"}\"}"
      name: "{\"name\":\"Y\",\"span\":\"{\\\"line_start\\\":1,\\\"line_stop\\\":1,\\\"col_start\\\":3,\\\"col_stop\\\":4,\\\"path\\\":\\\"\\\",\\\"content\\\":\\\"X.Y\\\"}\"}"
      span:
        line_start: 1
        line_stop: 1
        col_start: 1
        col_stop: 4
        path: ""
        content: X.Y
      type_: ~
  - CircuitMemberAccess:
      circuit:
        CircuitMemberAccess:
          circuit:
            Identifier: "{\"name\":\"x\",\"span\":\"{\\\"line_start\\\":1,\\\"line_stop\\\":1,\\\"col_start\\\":1,\\\"col_stop\\\":2,\\\"path\\\":\\\"\\\",\\\"content\\\":\\\"x.y.z\\\"}\"}"
          name: "{\"name\":\"y\",\"span\":\"{\\\"line_start\\\":1,\\\"line_stop\\\":1,\\\"col_start\\\":3,\\\"col_stop\\\":4,\\\"path\\\":\\\"\\\",\\\"content\\\":\\\"x.y.z\\\"}\"}"
          span:
            line_start: 1
            line_stop: 1
            col_start: 1
            col_stop: 4
            path: ""
            content: x.y.z
          type_: ~
      name: "{\"name\":\"z\",\"span\":\"{\\\"line_start\\\":1,\\\"line_stop\\\":1,\\\"col_start\\\":5,\\\"col_stop\\\":6,\\\"path\\\":\\\"\\\",\\\"content\\\":\\\"x.y.z\\\"}\"}"
      span:
        line_start: 1
        line_stop: 1
        col_start: 1
        col_stop: 6
        path: ""
        content: x.y.z
      type_: ~
  - Call:
      function:
        CircuitMemberAccess:
          circuit:
            Identifier: "{\"name\":\"x\",\"span\":\"{\\\"line_start\\\":1,\\\"line_stop\\\":1,\\\"col_start\\\":1,\\\"col_stop\\\":2,\\\"path\\\":\\\"\\\",\\\"content\\\":\\\"x.y()\\\"}\"}"
          name: "{\"name\":\"y\",\"span\":\"{\\\"line_start\\\":1,\\\"line_stop\\\":1,\\\"col_start\\\":3,\\\"col_stop\\\":4,\\\"path\\\":\\\"\\\",\\\"content\\\":\\\"x.y()\\\"}\"}"
          span:
            line_start: 1
            line_stop: 1
            col_start: 1
            col_stop: 4
            path: ""
            content: x.y()
          type_: ~
      arguments: []
      span:
        line_start: 1
        line_stop: 1
        col_start: 1
        col_stop: 6
        path: ""
        content: x.y()
  - TupleAccess:
      tuple:
        CircuitMemberAccess:
          circuit:
            Identifier: "{\"name\":\"x\",\"span\":\"{\\\"line_start\\\":1,\\\"line_stop\\\":1,\\\"col_start\\\":1,\\\"col_stop\\\":2,\\\"path\\\":\\\"\\\",\\\"content\\\":\\\"x.y.0\\\"}\"}"
          name: "{\"name\":\"y\",\"span\":\"{\\\"line_start\\\":1,\\\"line_stop\\\":1,\\\"col_start\\\":3,\\\"col_stop\\\":4,\\\"path\\\":\\\"\\\",\\\"content\\\":\\\"x.y.0\\\"}\"}"
          span:
            line_start: 1
            line_stop: 1
            col_start: 1
            col_stop: 4
            path: ""
            content: x.y.0
          type_: ~
      index:
        value: "0"
      span:
        line_start: 1
        line_stop: 1
        col_start: 1
        col_stop: 6
        path: ""
        content: x.y.0
  - ArrayAccess:
      array:
        CircuitMemberAccess:
          circuit:
            Identifier: "{\"name\":\"x\",\"span\":\"{\\\"line_start\\\":1,\\\"line_stop\\\":1,\\\"col_start\\\":1,\\\"col_stop\\\":2,\\\"path\\\":\\\"\\\",\\\"content\\\":\\\"x.y[1]\\\"}\"}"
          name: "{\"name\":\"y\",\"span\":\"{\\\"line_start\\\":1,\\\"line_stop\\\":1,\\\"col_start\\\":3,\\\"col_stop\\\":4,\\\"path\\\":\\\"\\\",\\\"content\\\":\\\"x.y[1]\\\"}\"}"
          span:
            line_start: 1
            line_stop: 1
            col_start: 1
            col_stop: 4
            path: ""
            content: "x.y[1]"
          type_: ~
      index:
        Value:
          Implicit:
            - "1"
            - span:
                line_start: 1
                line_stop: 1
                col_start: 5
                col_stop: 6
                path: ""
                content: "x.y[1]"
      span:
        line_start: 1
        line_stop: 1
        col_start: 1
        col_stop: 7
        path: ""
        content: "x.y[1]"
