---
namespace: Compile
expectation: Pass
outputs:
  - circuit:
      num_public_variables: 0
      num_private_variables: 1
      num_constraints: 1
      at: 042610d0fd1fe6d6ac112138f8755752f44c7d2a00f1b5960574d6da5cda393f
      bt: e97756698880ab7555a959a5fb5c6b4e15bd64612aa677adbfe2d0bd91f0a83c
      ct: cf1cbb66a638b4860a516671fb74850e6ccf787fe6c4c8d29e9c04efe880bd05
    output:
      - input_file: input/dummy.in
        output:
          registers:
            r0:
              type: bool
              value: "true"
    initial_ast: f396f40dc9172e8f513c9227022077ec0130f1dc21df8742aa5d377d4a476279
    imports_resolved_ast: b3ac508de85786dc8b1dba42af315f3444902e57026cd8efde1886926a8e0172
    canonicalized_ast: b3ac508de85786dc8b1dba42af315f3444902e57026cd8efde1886926a8e0172
    type_inferenced_ast: 2ad6f8a18ebc77d5f03a0e20ae533c5f9a18b35db3ebeaa793aaaaa0fa01d449
