---
namespace: Compile
expectation: Pass
outputs:
  - circuit:
      num_public_variables: 0
      num_private_variables: 1
      num_constraints: 1
      at: 042610d0fd1fe6d6ac112138f8755752f44c7d2a00f1b5960574d6da5cda393f
      bt: e97756698880ab7555a959a5fb5c6b4e15bd64612aa677adbfe2d0bd91f0a83c
      ct: cf1cbb66a638b4860a516671fb74850e6ccf787fe6c4c8d29e9c04efe880bd05
    output:
      - input_file: input/dummy.in
        output:
          registers:
            r0:
              type: bool
              value: "true"
    initial_ast: ae6e9873e8db3885dcb757a26159c1b13edd3a3938c312df8cf2d7796a26a411
    imports_resolved_ast: edf6d806c10ded6ea4e5989464fc9560c5b7f60fcc21075ba866088bee45a413
    canonicalized_ast: edf6d806c10ded6ea4e5989464fc9560c5b7f60fcc21075ba866088bee45a413
    type_inferenced_ast: bc8255f7f0a540b91eb1efcab2ae75e65203dbdc7c41d57713d1c18bfdf2e97d
