---
namespace: Compile
expectation: Pass
outputs:
  - circuit:
      num_public_variables: 0
      num_private_variables: 1
      num_constraints: 1
      at: 042610d0fd1fe6d6ac112138f8755752f44c7d2a00f1b5960574d6da5cda393f
      bt: e97756698880ab7555a959a5fb5c6b4e15bd64612aa677adbfe2d0bd91f0a83c
      ct: cf1cbb66a638b4860a516671fb74850e6ccf787fe6c4c8d29e9c04efe880bd05
    output:
      - input_file: input/dummy.in
        output:
          registers:
            r0:
              type: bool
              value: "true"
    initial_ast: f805fae3fdc3b0fc9ef692dd29fc7e3f7ee312ecc6f2019a71827144c0aa6e7d
    imports_resolved_ast: af1bcd97316d81fa498b8f301aa8b7b5ceba0e7f40ac0afa2853da5cef30eca0
    canonicalized_ast: af1bcd97316d81fa498b8f301aa8b7b5ceba0e7f40ac0afa2853da5cef30eca0
    type_inferenced_ast: b82d5dabd5eea7f1358727a8e6be6f40bfaa2a506b29757ec34fc66fb770a0a1
