---
namespace: Compile
expectation: Pass
outputs:
  - circuit:
      num_public_variables: 0
      num_private_variables: 1277
      num_constraints: 1604
      at: c5d2d5bbb85d0f7ba48170fdb652aff057db6d1babf378d8a548af874e0734ff
      bt: 726f3c39d11da5bc8487b8b7228a55cb7819a47a9b674d41f9c756c6927fb55a
      ct: 7c4917152b59cb9caa30bad7d5119a3e36c40f7a783fdb8ff602dd5447573cc7
    output:
      - input_file: input/index1.in
        output:
          registers:
            r0:
              type: "[u32; 3]"
              value: "\"303\""
      - input_file: input/index2.in
        output:
          registers:
            r0:
              type: "[u32; 3]"
              value: "\"150\""
    initial_ast: ac24e2973681747e7b2cdf9c9ba717877cd7959fb39fee8b3213a17e4da1cf81
    imports_resolved_ast: 82995a9391d0fa89b27e211d3bd748a7e24e21762cdb5da30207afe58d20b01e
    canonicalized_ast: 000997b718aec4d639cc2f3c14bd2550f67c5aa88183887c7a8cf020d29c069d
    type_inferenced_ast: 35bca36339f6bbdc86528fcc42dbb3f04df854854e30cbc2dc40447d06611799
