---
namespace: Compile
expectation: Fail
outputs:
  - "Error [ECMP0376035]: Input variable a declared twice\n    --> compiler-test:3:21\n     |\n   3 | function main(const a: u32) {\n     |                     ^"
