---
namespace: Compile
expectation: Pass
outputs:
  - circuit:
      num_public_variables: 0
      num_private_variables: 162
      num_constraints: 165
      at: 5b2ee97bca1c978a9cb40345a5358b6da05b06c94ef08ade726f32a8d0840c4e
      bt: 9dc810c17c3ede695558cbade305db754bfc9de90c983ab114557f2cc9bb3631
      ct: 16ed7b0c9d703be9a60d4b2e0da9a52403de8b03c35a545db7c05b698eddcdfd
    output:
      - input_file: inputs/u32_3.in
        output:
          registers:
            a:
              type: bool
              value: "true"
    initial_ast: 2646f86b4f8cb47e7c500c32a1f2755f3c886ac90ef7eef78a853746648c291e
    imports_resolved_ast: d0da3b16dd44c50e2568ecef2cccb5f07707aa298c0ba2da40254c9a87c427af
    canonicalized_ast: 6e34636a8f0478da96adf48a8fac807adb165639f6eabc729adfa560e9d05b04
    type_inferenced_ast: 38a744b304708ee3864c14456c29ba0e8ab4c293ea57f2c6bbc3fa82dc2063eb
