---
namespace: Compile
expectation: Pass
outputs:
  - circuit:
      num_public_variables: 0
      num_private_variables: 449
      num_constraints: 449
      at: 04829ad53a315f620a66d1fc8152176c29a250b57c54482f7e2fba84cad444c4
      bt: 46fa1dbc8f6cc62609913fe96ad20cff4ba8ba7ea886b3682c3b4dc9a491b334
      ct: 7b765314986bd8a51a62dabdef866c5fe05ad9bf392fb0e25b7ce3b9969f81e1
    output:
      - input_file: i64_e.in
        output:
          registers:
            r0:
              type: bool
              value: "true"
      - input_file: i64_g.in
        output:
          registers:
            r0:
              type: bool
              value: "true"
    initial_ast: 849578e5fdb50a1b03f862296b364b905ab43cd407955c80ccf677d741887688
    imports_resolved_ast: 2d99676e2cb0001dda9d2a038c4f038e3dd3f11ba1deeebff2879f2d80cec1ab
    canonicalized_ast: 2d99676e2cb0001dda9d2a038c4f038e3dd3f11ba1deeebff2879f2d80cec1ab
    type_inferenced_ast: c5c45d02fafb725c30661e0ad9b9a7cf1207f3315fef863f635d96cd17e6ff60
