---
namespace: Compile
expectation: Pass
outputs:
  - circuit:
      num_public_variables: 0
      num_private_variables: 1
      num_constraints: 1
      at: 042610d0fd1fe6d6ac112138f8755752f44c7d2a00f1b5960574d6da5cda393f
      bt: e97756698880ab7555a959a5fb5c6b4e15bd64612aa677adbfe2d0bd91f0a83c
      ct: cf1cbb66a638b4860a516671fb74850e6ccf787fe6c4c8d29e9c04efe880bd05
    output:
      - input_file: input/dummy.in
        output:
          registers:
            r0:
              type: bool
              value: "true"
    initial_ast: 68ae01178f83f0e97b3a6868b8158b23a045a0783e49a182394462fc12f4c6b5
    imports_resolved_ast: 769e2f522e0eba36b2a90cac2b47867c5ec18128b4abded86aa85feec652f8af
    canonicalized_ast: 0d4af57b44498ae44509c7b7d23fbeb9dcce3b97f2cafe7c255371878285c926
    type_inferenced_ast: 0c2d059af4f04d73a7e51b284d112369e72d39c79b3875d802e111546dac8a78
